[debug] [2025-05-16T17:28:57.522Z] ----------------------------------------------------------------------
[debug] [2025-05-16T17:28:57.531Z] Command:       C:\Program Files\nodejs\node.exe C:\Users\Usuario\AppData\Roaming\npm\node_modules\firebase-tools\lib\bin\firebase.js deploy
[debug] [2025-05-16T17:28:57.533Z] CLI Version:   14.2.1
[debug] [2025-05-16T17:28:57.534Z] Platform:      win32
[debug] [2025-05-16T17:28:57.534Z] Node Version:  v22.14.0
[debug] [2025-05-16T17:28:57.536Z] Time:          Fri May 16 2025 19:28:57 GMT+0200 (hora de verano de Europa central)
[debug] [2025-05-16T17:28:57.537Z] ----------------------------------------------------------------------
[debug] 
[debug] [2025-05-16T17:28:57.548Z] >>> [apiv2][query] GET https://firebase-public.firebaseio.com/cli.json [none]
[debug] [2025-05-16T17:28:58.819Z] > command requires scopes: ["email","openid","https://www.googleapis.com/auth/cloudplatformprojects.readonly","https://www.googleapis.com/auth/firebase","https://www.googleapis.com/auth/cloud-platform"]
[debug] [2025-05-16T17:28:58.821Z] > authorizing via signed-in user (josuthemaster05@gmail.com)
[debug] [2025-05-16T17:28:58.821Z] [iam] checking project getting-things-done-6eea2 for permissions ["datastore.indexes.create","datastore.indexes.delete","datastore.indexes.list","datastore.indexes.update","firebase.projects.get","firebasehosting.sites.update"]
[debug] [2025-05-16T17:28:58.824Z] Checked if tokens are valid: false, expires at: 1745509577825
[debug] [2025-05-16T17:28:58.825Z] Checked if tokens are valid: false, expires at: 1745509577825
[debug] [2025-05-16T17:28:58.825Z] > refreshing access token with scopes: []
[debug] [2025-05-16T17:28:58.829Z] >>> [apiv2][query] POST https://www.googleapis.com/oauth2/v3/token [none]
[debug] [2025-05-16T17:28:58.830Z] >>> [apiv2][body] POST https://www.googleapis.com/oauth2/v3/token [omitted]
[debug] [2025-05-16T17:28:59.007Z] <<< [apiv2][status] POST https://www.googleapis.com/oauth2/v3/token 400
[debug] [2025-05-16T17:28:59.008Z] <<< [apiv2][body] POST https://www.googleapis.com/oauth2/v3/token [omitted]
[debug] [2025-05-16T17:28:59.008Z] >>> [apiv2][query] POST https://cloudresourcemanager.googleapis.com/v1/projects/getting-things-done-6eea2:testIamPermissions [none]
[debug] [2025-05-16T17:28:59.008Z] >>> [apiv2][(partial)header] POST https://cloudresourcemanager.googleapis.com/v1/projects/getting-things-done-6eea2:testIamPermissions x-goog-quota-user=projects/getting-things-done-6eea2
[debug] [2025-05-16T17:28:59.009Z] >>> [apiv2][body] POST https://cloudresourcemanager.googleapis.com/v1/projects/getting-things-done-6eea2:testIamPermissions {"permissions":["datastore.indexes.create","datastore.indexes.delete","datastore.indexes.list","datastore.indexes.update","firebase.projects.get","firebasehosting.sites.update"]}
[debug] [2025-05-16T17:28:59.114Z] <<< [apiv2][status] GET https://firebase-public.firebaseio.com/cli.json 200
[debug] [2025-05-16T17:28:59.114Z] <<< [apiv2][body] GET https://firebase-public.firebaseio.com/cli.json {"cloudBuildErrorAfter":1594252800000,"cloudBuildWarnAfter":1590019200000,"defaultNode10After":1594252800000,"minVersion":"3.0.5","node8DeploysDisabledAfter":1613390400000,"node8RuntimeDisabledAfter":1615809600000,"node8WarnAfter":1600128000000}
[debug] [2025-05-16T17:28:59.644Z] <<< [apiv2][status] POST https://cloudresourcemanager.googleapis.com/v1/projects/getting-things-done-6eea2:testIamPermissions 401
[debug] [2025-05-16T17:28:59.644Z] <<< [apiv2][body] POST https://cloudresourcemanager.googleapis.com/v1/projects/getting-things-done-6eea2:testIamPermissions {"error":{"code":401,"message":"Request had invalid authentication credentials. Expected OAuth 2 access token, login cookie or other valid authentication credential. See https://developers.google.com/identity/sign-in/web/devconsole-project.","status":"UNAUTHENTICATED","details":[{"@type":"type.googleapis.com/google.rpc.ErrorInfo","reason":"ACCESS_TOKEN_TYPE_UNSUPPORTED","metadata":{"method":"google.cloudresourcemanager.v1.Projects.TestIamPermissions","service":"cloudresourcemanager.googleapis.com"}}]}}
[debug] [2025-05-16T17:28:59.644Z] Got a 401 Unauthenticated error for a call that required authentication. Refreshing tokens.
[debug] [2025-05-16T17:28:59.644Z] Checked if tokens are valid: false, expires at: 1745509577825
[debug] [2025-05-16T17:28:59.645Z] Checked if tokens are valid: false, expires at: 1745509577825
[debug] [2025-05-16T17:28:59.645Z] > refreshing access token with scopes: []
[debug] [2025-05-16T17:28:59.646Z] >>> [apiv2][query] POST https://www.googleapis.com/oauth2/v3/token [none]
[debug] [2025-05-16T17:28:59.647Z] >>> [apiv2][body] POST https://www.googleapis.com/oauth2/v3/token [omitted]
[debug] [2025-05-16T17:28:59.689Z] <<< [apiv2][status] POST https://www.googleapis.com/oauth2/v3/token 400
[debug] [2025-05-16T17:28:59.689Z] <<< [apiv2][body] POST https://www.googleapis.com/oauth2/v3/token [omitted]
[debug] [2025-05-16T17:28:59.691Z] [iam] error while checking permissions, command may fail: Request to https://cloudresourcemanager.googleapis.com/v1/projects/getting-things-done-6eea2:testIamPermissions had HTTP Error: 401, Request had invalid authentication credentials. Expected OAuth 2 access token, login cookie or other valid authentication credential. See https://developers.google.com/identity/sign-in/web/devconsole-project.
[debug] [2025-05-16T17:28:59.693Z] Checked if tokens are valid: false, expires at: 1745509577825
[debug] [2025-05-16T17:28:59.693Z] Checked if tokens are valid: false, expires at: 1745509577825
[debug] [2025-05-16T17:28:59.693Z] > refreshing access token with scopes: []
[debug] [2025-05-16T17:28:59.694Z] >>> [apiv2][query] POST https://www.googleapis.com/oauth2/v3/token [none]
[debug] [2025-05-16T17:28:59.694Z] >>> [apiv2][body] POST https://www.googleapis.com/oauth2/v3/token [omitted]
[debug] [2025-05-16T17:28:59.743Z] <<< [apiv2][status] POST https://www.googleapis.com/oauth2/v3/token 400
[debug] [2025-05-16T17:28:59.744Z] <<< [apiv2][body] POST https://www.googleapis.com/oauth2/v3/token [omitted]
[debug] [2025-05-16T17:28:59.745Z] >>> [apiv2][query] GET https://firebase.googleapis.com/v1beta1/projects/getting-things-done-6eea2 [none]
[debug] [2025-05-16T17:28:59.850Z] <<< [apiv2][status] GET https://firebase.googleapis.com/v1beta1/projects/getting-things-done-6eea2 401
[debug] [2025-05-16T17:28:59.850Z] <<< [apiv2][body] GET https://firebase.googleapis.com/v1beta1/projects/getting-things-done-6eea2 {"error":{"code":401,"message":"Request had invalid authentication credentials. Expected OAuth 2 access token, login cookie or other valid authentication credential. See https://developers.google.com/identity/sign-in/web/devconsole-project.","status":"UNAUTHENTICATED"}}
[debug] [2025-05-16T17:28:59.850Z] Got a 401 Unauthenticated error for a call that required authentication. Refreshing tokens.
[debug] [2025-05-16T17:28:59.851Z] Checked if tokens are valid: false, expires at: 1745509577825
[debug] [2025-05-16T17:28:59.851Z] Checked if tokens are valid: false, expires at: 1745509577825
[debug] [2025-05-16T17:28:59.851Z] > refreshing access token with scopes: []
[debug] [2025-05-16T17:28:59.851Z] >>> [apiv2][query] POST https://www.googleapis.com/oauth2/v3/token [none]
[debug] [2025-05-16T17:28:59.852Z] >>> [apiv2][body] POST https://www.googleapis.com/oauth2/v3/token [omitted]
[debug] [2025-05-16T17:28:59.892Z] <<< [apiv2][status] POST https://www.googleapis.com/oauth2/v3/token 400
[debug] [2025-05-16T17:28:59.892Z] <<< [apiv2][body] POST https://www.googleapis.com/oauth2/v3/token [omitted]
[debug] [2025-05-16T17:28:59.893Z] Request to https://firebase.googleapis.com/v1beta1/projects/getting-things-done-6eea2 had HTTP Error: 401, Request had invalid authentication credentials. Expected OAuth 2 access token, login cookie or other valid authentication credential. See https://developers.google.com/identity/sign-in/web/devconsole-project.
[error] 
[error] Error: Assertion failed: resolving hosting target of a site with no site name or target name. This should have caused an error earlier
[debug] [2025-05-16T17:30:40.113Z] ----------------------------------------------------------------------
[debug] [2025-05-16T17:30:40.120Z] Command:       C:\Program Files\nodejs\node.exe C:\Users\Usuario\AppData\Roaming\npm\node_modules\firebase-tools\lib\bin\firebase.js use --add
[debug] [2025-05-16T17:30:40.122Z] CLI Version:   14.2.1
[debug] [2025-05-16T17:30:40.122Z] Platform:      win32
[debug] [2025-05-16T17:30:40.123Z] Node Version:  v22.14.0
[debug] [2025-05-16T17:30:40.124Z] Time:          Fri May 16 2025 19:30:40 GMT+0200 (hora de verano de Europa central)
[debug] [2025-05-16T17:30:40.124Z] ----------------------------------------------------------------------
[debug] 
[debug] [2025-05-16T17:30:41.157Z] > command requires scopes: ["email","openid","https://www.googleapis.com/auth/cloudplatformprojects.readonly","https://www.googleapis.com/auth/firebase","https://www.googleapis.com/auth/cloud-platform"]
[debug] [2025-05-16T17:30:41.159Z] > authorizing via signed-in user (josuthemaster05@gmail.com)
[debug] [2025-05-16T17:30:41.164Z] Checked if tokens are valid: false, expires at: 1745509577825
[debug] [2025-05-16T17:30:41.164Z] Checked if tokens are valid: false, expires at: 1745509577825
[debug] [2025-05-16T17:30:41.165Z] > refreshing access token with scopes: []
[debug] [2025-05-16T17:30:41.173Z] >>> [apiv2][query] POST https://www.googleapis.com/oauth2/v3/token [none]
[debug] [2025-05-16T17:30:41.173Z] >>> [apiv2][body] POST https://www.googleapis.com/oauth2/v3/token [omitted]
[debug] [2025-05-16T17:30:41.522Z] <<< [apiv2][status] POST https://www.googleapis.com/oauth2/v3/token 400
[debug] [2025-05-16T17:30:41.522Z] <<< [apiv2][body] POST https://www.googleapis.com/oauth2/v3/token [omitted]
[debug] [2025-05-16T17:30:41.523Z] >>> [apiv2][query] GET https://firebase.googleapis.com/v1beta1/projects pageSize=1000
[debug] [2025-05-16T17:30:41.615Z] <<< [apiv2][status] GET https://firebase.googleapis.com/v1beta1/projects 401
[debug] [2025-05-16T17:30:41.615Z] <<< [apiv2][body] GET https://firebase.googleapis.com/v1beta1/projects [omitted]
[debug] [2025-05-16T17:30:41.615Z] Got a 401 Unauthenticated error for a call that required authentication. Refreshing tokens.
[debug] [2025-05-16T17:30:41.615Z] Checked if tokens are valid: false, expires at: 1745509577825
[debug] [2025-05-16T17:30:41.615Z] Checked if tokens are valid: false, expires at: 1745509577825
[debug] [2025-05-16T17:30:41.616Z] > refreshing access token with scopes: []
[debug] [2025-05-16T17:30:41.616Z] >>> [apiv2][query] POST https://www.googleapis.com/oauth2/v3/token [none]
[debug] [2025-05-16T17:30:41.617Z] >>> [apiv2][body] POST https://www.googleapis.com/oauth2/v3/token [omitted]
[debug] [2025-05-16T17:30:41.659Z] <<< [apiv2][status] POST https://www.googleapis.com/oauth2/v3/token 400
[debug] [2025-05-16T17:30:41.660Z] <<< [apiv2][body] POST https://www.googleapis.com/oauth2/v3/token [omitted]
[debug] [2025-05-16T17:30:41.661Z] Request to https://firebase.googleapis.com/v1beta1/projects?pageSize=1000 had HTTP Error: 401, Request had invalid authentication credentials. Expected OAuth 2 access token, login cookie or other valid authentication credential. See https://developers.google.com/identity/sign-in/web/devconsole-project.
[debug] [2025-05-16T17:30:41.742Z] FirebaseError: Request to https://firebase.googleapis.com/v1beta1/projects?pageSize=1000 had HTTP Error: 401, Request had invalid authentication credentials. Expected OAuth 2 access token, login cookie or other valid authentication credential. See https://developers.google.com/identity/sign-in/web/devconsole-project.
    at responseToError (C:\Users\Usuario\AppData\Roaming\npm\node_modules\firebase-tools\lib\responseToError.js:52:12)
    at RetryOperation._fn (C:\Users\Usuario\AppData\Roaming\npm\node_modules\firebase-tools\lib\apiv2.js:312:77)
    at process.processTicksAndRejections (node:internal/process/task_queues:105:5)
[error] 
[error] Error: Failed to list Firebase projects. See firebase-debug.log for more info.
[debug] [2025-05-16T17:31:02.691Z] ----------------------------------------------------------------------
[debug] [2025-05-16T17:31:02.699Z] Command:       C:\Program Files\nodejs\node.exe C:\Users\Usuario\AppData\Roaming\npm\node_modules\firebase-tools\lib\bin\firebase.js deploy
[debug] [2025-05-16T17:31:02.700Z] CLI Version:   14.2.1
[debug] [2025-05-16T17:31:02.701Z] Platform:      win32
[debug] [2025-05-16T17:31:02.701Z] Node Version:  v22.14.0
[debug] [2025-05-16T17:31:02.702Z] Time:          Fri May 16 2025 19:31:02 GMT+0200 (hora de verano de Europa central)
[debug] [2025-05-16T17:31:02.703Z] ----------------------------------------------------------------------
[debug] 
[debug] [2025-05-16T17:31:04.632Z] > command requires scopes: ["email","openid","https://www.googleapis.com/auth/cloudplatformprojects.readonly","https://www.googleapis.com/auth/firebase","https://www.googleapis.com/auth/cloud-platform"]
[debug] [2025-05-16T17:31:04.636Z] > authorizing via signed-in user (josuthemaster05@gmail.com)
[debug] [2025-05-16T17:31:04.641Z] [iam] checking project getting-things-done-6eea2 for permissions ["datastore.indexes.create","datastore.indexes.delete","datastore.indexes.list","datastore.indexes.update","firebase.projects.get","firebasehosting.sites.update"]
[debug] [2025-05-16T17:31:04.658Z] Checked if tokens are valid: false, expires at: 1745509577825
[debug] [2025-05-16T17:31:04.658Z] Checked if tokens are valid: false, expires at: 1745509577825
[debug] [2025-05-16T17:31:04.659Z] > refreshing access token with scopes: []
[debug] [2025-05-16T17:31:04.672Z] >>> [apiv2][query] POST https://www.googleapis.com/oauth2/v3/token [none]
[debug] [2025-05-16T17:31:04.672Z] >>> [apiv2][body] POST https://www.googleapis.com/oauth2/v3/token [omitted]
[debug] [2025-05-16T17:31:05.405Z] <<< [apiv2][status] POST https://www.googleapis.com/oauth2/v3/token 400
[debug] [2025-05-16T17:31:05.406Z] <<< [apiv2][body] POST https://www.googleapis.com/oauth2/v3/token [omitted]
[debug] [2025-05-16T17:31:05.406Z] >>> [apiv2][query] POST https://cloudresourcemanager.googleapis.com/v1/projects/getting-things-done-6eea2:testIamPermissions [none]
[debug] [2025-05-16T17:31:05.406Z] >>> [apiv2][(partial)header] POST https://cloudresourcemanager.googleapis.com/v1/projects/getting-things-done-6eea2:testIamPermissions x-goog-quota-user=projects/getting-things-done-6eea2
[debug] [2025-05-16T17:31:05.407Z] >>> [apiv2][body] POST https://cloudresourcemanager.googleapis.com/v1/projects/getting-things-done-6eea2:testIamPermissions {"permissions":["datastore.indexes.create","datastore.indexes.delete","datastore.indexes.list","datastore.indexes.update","firebase.projects.get","firebasehosting.sites.update"]}
[debug] [2025-05-16T17:31:06.022Z] <<< [apiv2][status] POST https://cloudresourcemanager.googleapis.com/v1/projects/getting-things-done-6eea2:testIamPermissions 401
[debug] [2025-05-16T17:31:06.023Z] <<< [apiv2][body] POST https://cloudresourcemanager.googleapis.com/v1/projects/getting-things-done-6eea2:testIamPermissions {"error":{"code":401,"message":"Request had invalid authentication credentials. Expected OAuth 2 access token, login cookie or other valid authentication credential. See https://developers.google.com/identity/sign-in/web/devconsole-project.","status":"UNAUTHENTICATED","details":[{"@type":"type.googleapis.com/google.rpc.ErrorInfo","reason":"ACCESS_TOKEN_TYPE_UNSUPPORTED","metadata":{"method":"google.cloudresourcemanager.v1.Projects.TestIamPermissions","service":"cloudresourcemanager.googleapis.com"}}]}}
[debug] [2025-05-16T17:31:06.023Z] Got a 401 Unauthenticated error for a call that required authentication. Refreshing tokens.
[debug] [2025-05-16T17:31:06.023Z] Checked if tokens are valid: false, expires at: 1745509577825
[debug] [2025-05-16T17:31:06.023Z] Checked if tokens are valid: false, expires at: 1745509577825
[debug] [2025-05-16T17:31:06.024Z] > refreshing access token with scopes: []
[debug] [2025-05-16T17:31:06.025Z] >>> [apiv2][query] POST https://www.googleapis.com/oauth2/v3/token [none]
[debug] [2025-05-16T17:31:06.025Z] >>> [apiv2][body] POST https://www.googleapis.com/oauth2/v3/token [omitted]
[debug] [2025-05-16T17:31:06.073Z] <<< [apiv2][status] POST https://www.googleapis.com/oauth2/v3/token 400
[debug] [2025-05-16T17:31:06.074Z] <<< [apiv2][body] POST https://www.googleapis.com/oauth2/v3/token [omitted]
[debug] [2025-05-16T17:31:06.076Z] [iam] error while checking permissions, command may fail: Request to https://cloudresourcemanager.googleapis.com/v1/projects/getting-things-done-6eea2:testIamPermissions had HTTP Error: 401, Request had invalid authentication credentials. Expected OAuth 2 access token, login cookie or other valid authentication credential. See https://developers.google.com/identity/sign-in/web/devconsole-project.
[debug] [2025-05-16T17:31:06.077Z] Checked if tokens are valid: false, expires at: 1745509577825
[debug] [2025-05-16T17:31:06.077Z] Checked if tokens are valid: false, expires at: 1745509577825
[debug] [2025-05-16T17:31:06.078Z] > refreshing access token with scopes: []
[debug] [2025-05-16T17:31:06.078Z] >>> [apiv2][query] POST https://www.googleapis.com/oauth2/v3/token [none]
[debug] [2025-05-16T17:31:06.079Z] >>> [apiv2][body] POST https://www.googleapis.com/oauth2/v3/token [omitted]
[debug] [2025-05-16T17:31:06.127Z] <<< [apiv2][status] POST https://www.googleapis.com/oauth2/v3/token 400
[debug] [2025-05-16T17:31:06.127Z] <<< [apiv2][body] POST https://www.googleapis.com/oauth2/v3/token [omitted]
[debug] [2025-05-16T17:31:06.128Z] >>> [apiv2][query] GET https://firebase.googleapis.com/v1beta1/projects/getting-things-done-6eea2 [none]
[debug] [2025-05-16T17:31:06.440Z] <<< [apiv2][status] GET https://firebase.googleapis.com/v1beta1/projects/getting-things-done-6eea2 401
[debug] [2025-05-16T17:31:06.441Z] <<< [apiv2][body] GET https://firebase.googleapis.com/v1beta1/projects/getting-things-done-6eea2 {"error":{"code":401,"message":"Request had invalid authentication credentials. Expected OAuth 2 access token, login cookie or other valid authentication credential. See https://developers.google.com/identity/sign-in/web/devconsole-project.","status":"UNAUTHENTICATED"}}
[debug] [2025-05-16T17:31:06.441Z] Got a 401 Unauthenticated error for a call that required authentication. Refreshing tokens.
[debug] [2025-05-16T17:31:06.441Z] Checked if tokens are valid: false, expires at: 1745509577825
[debug] [2025-05-16T17:31:06.441Z] Checked if tokens are valid: false, expires at: 1745509577825
[debug] [2025-05-16T17:31:06.441Z] > refreshing access token with scopes: []
[debug] [2025-05-16T17:31:06.442Z] >>> [apiv2][query] POST https://www.googleapis.com/oauth2/v3/token [none]
[debug] [2025-05-16T17:31:06.442Z] >>> [apiv2][body] POST https://www.googleapis.com/oauth2/v3/token [omitted]
[debug] [2025-05-16T17:31:06.496Z] <<< [apiv2][status] POST https://www.googleapis.com/oauth2/v3/token 400
[debug] [2025-05-16T17:31:06.496Z] <<< [apiv2][body] POST https://www.googleapis.com/oauth2/v3/token [omitted]
[debug] [2025-05-16T17:31:06.497Z] Request to https://firebase.googleapis.com/v1beta1/projects/getting-things-done-6eea2 had HTTP Error: 401, Request had invalid authentication credentials. Expected OAuth 2 access token, login cookie or other valid authentication credential. See https://developers.google.com/identity/sign-in/web/devconsole-project.
[error] 
[error] Error: Assertion failed: resolving hosting target of a site with no site name or target name. This should have caused an error earlier
[debug] [2025-05-16T17:34:24.476Z] ----------------------------------------------------------------------
[debug] [2025-05-16T17:34:24.485Z] Command:       C:\Program Files\nodejs\node.exe C:\Users\Usuario\AppData\Roaming\npm\node_modules\firebase-tools\lib\bin\firebase.js use --add
[debug] [2025-05-16T17:34:24.486Z] CLI Version:   14.2.1
[debug] [2025-05-16T17:34:24.486Z] Platform:      win32
[debug] [2025-05-16T17:34:24.487Z] Node Version:  v22.14.0
[debug] [2025-05-16T17:34:24.488Z] Time:          Fri May 16 2025 19:34:24 GMT+0200 (hora de verano de Europa central)
[debug] [2025-05-16T17:34:24.489Z] ----------------------------------------------------------------------
[debug] 
[debug] [2025-05-16T17:34:25.860Z] > command requires scopes: ["email","openid","https://www.googleapis.com/auth/cloudplatformprojects.readonly","https://www.googleapis.com/auth/firebase","https://www.googleapis.com/auth/cloud-platform"]
[debug] [2025-05-16T17:34:25.863Z] > authorizing via signed-in user (josuthemaster05@gmail.com)
[debug] [2025-05-16T17:34:25.869Z] Checked if tokens are valid: false, expires at: 1745509577825
[debug] [2025-05-16T17:34:25.870Z] Checked if tokens are valid: false, expires at: 1745509577825
[debug] [2025-05-16T17:34:25.870Z] > refreshing access token with scopes: []
[debug] [2025-05-16T17:34:25.878Z] >>> [apiv2][query] POST https://www.googleapis.com/oauth2/v3/token [none]
[debug] [2025-05-16T17:34:25.879Z] >>> [apiv2][body] POST https://www.googleapis.com/oauth2/v3/token [omitted]
[debug] [2025-05-16T17:34:26.237Z] <<< [apiv2][status] POST https://www.googleapis.com/oauth2/v3/token 400
[debug] [2025-05-16T17:34:26.238Z] <<< [apiv2][body] POST https://www.googleapis.com/oauth2/v3/token [omitted]
[debug] [2025-05-16T17:34:26.239Z] >>> [apiv2][query] GET https://firebase.googleapis.com/v1beta1/projects pageSize=1000
[debug] [2025-05-16T17:34:26.328Z] <<< [apiv2][status] GET https://firebase.googleapis.com/v1beta1/projects 401
[debug] [2025-05-16T17:34:26.329Z] <<< [apiv2][body] GET https://firebase.googleapis.com/v1beta1/projects [omitted]
[debug] [2025-05-16T17:34:26.329Z] Got a 401 Unauthenticated error for a call that required authentication. Refreshing tokens.
[debug] [2025-05-16T17:34:26.329Z] Checked if tokens are valid: false, expires at: 1745509577825
[debug] [2025-05-16T17:34:26.329Z] Checked if tokens are valid: false, expires at: 1745509577825
[debug] [2025-05-16T17:34:26.329Z] > refreshing access token with scopes: []
[debug] [2025-05-16T17:34:26.330Z] >>> [apiv2][query] POST https://www.googleapis.com/oauth2/v3/token [none]
[debug] [2025-05-16T17:34:26.331Z] >>> [apiv2][body] POST https://www.googleapis.com/oauth2/v3/token [omitted]
[debug] [2025-05-16T17:34:26.377Z] <<< [apiv2][status] POST https://www.googleapis.com/oauth2/v3/token 400
[debug] [2025-05-16T17:34:26.378Z] <<< [apiv2][body] POST https://www.googleapis.com/oauth2/v3/token [omitted]
[debug] [2025-05-16T17:34:26.380Z] Request to https://firebase.googleapis.com/v1beta1/projects?pageSize=1000 had HTTP Error: 401, Request had invalid authentication credentials. Expected OAuth 2 access token, login cookie or other valid authentication credential. See https://developers.google.com/identity/sign-in/web/devconsole-project.
[debug] [2025-05-16T17:34:26.709Z] FirebaseError: Request to https://firebase.googleapis.com/v1beta1/projects?pageSize=1000 had HTTP Error: 401, Request had invalid authentication credentials. Expected OAuth 2 access token, login cookie or other valid authentication credential. See https://developers.google.com/identity/sign-in/web/devconsole-project.
    at responseToError (C:\Users\Usuario\AppData\Roaming\npm\node_modules\firebase-tools\lib\responseToError.js:52:12)
    at RetryOperation._fn (C:\Users\Usuario\AppData\Roaming\npm\node_modules\firebase-tools\lib\apiv2.js:312:77)
    at process.processTicksAndRejections (node:internal/process/task_queues:105:5)
[error] 
[error] Error: Failed to list Firebase projects. See firebase-debug.log for more info.
